// Jest Snapshot v1, https://jestjs.io/docs/snapshot-testing

exports[`build model can build model 1`] = `
"workspace "model" {
  model {
    // Elements
    customer = person "Customer" {
      description "A user of the web platform"
      tags "Element" "Person"
    }
    emailService = softwareSystem "Email Service" {
      description "Handles sending and tracking email notifications"
      tags "Element" "Software System"
      emailApi = container "Email API" {
        description "Accepts email send requests"
        tags "Element" "Container"
        technology "Node.js"
      }
      messageQueue = container "Message Queue" {
        description "Queues outbound email jobs"
        tags "Element" "Container"
        technology "RabbitMQ"
      }
      emailWorker = container "Email Worker" {
        description "Processes queued emails and delivers them"
        tags "Element" "Container"
        technology "Node.js"
        templateEngine = component "Template Engine" {
          description "Renders email templates with dynamic content"
          tags "Element" "Component"
          technology "Handlebars"
        }
        deliveryTracker = component "Delivery Tracker" {
          description "Tracks delivery status and handles retries"
          tags "Element" "Component"
          technology "TypeScript"
        }
      }
    }
    webPlatform = softwareSystem "Web Platform" {
      description "Allows customers to manage their account and send notifications"
      tags "Element" "Software System"
      webApp = container "Web App" {
        description "Serves the single-page application"
        tags "Element" "Container"
        technology "React"
      }
      apiServer = container "API Server" {
        description "Provides the REST API"
        tags "Element" "Container"
        technology "Node.js"
      }
      database = container "Database" {
        description "Stores user data and notification history"
        tags "Element" "Container"
        technology "PostgreSQL"
      }
    }
    // Relationships
    customer -> webApp "Manages account and sends notifications using" {
      tags "Relationship"
    }
    emailApi -> messageQueue "Enqueues email jobs to" {
      technology "AMQP"
      tags "Relationship"
    }
    emailWorker -> messageQueue "Consumes email jobs from" {
      technology "AMQP"
      tags "Relationship"
    }
    templateEngine -> deliveryTracker "Passes rendered emails to" {
      tags "Relationship"
    }
    webApp -> apiServer "Makes API calls to" {
      technology "HTTPS/JSON"
      tags "Relationship"
    }
    apiServer -> database "Reads from and writes to" {
      technology "SQL"
      tags "Relationship"
    }
    apiServer -> emailApi "Sends emails via" {
      technology "HTTPS/JSON"
      tags "Relationship"
    }
  }
  views {
    // System Landscape Views
    // System Context Views
    // Container Views
    // Component Views
    theme default
  }
}
"
`;
